[2026-09-25 04:46:54] local.DEBUG: [vite] connecting... {"url":"http://localhost:8000/","user_agent":"Mozilla/5.0 (X11; Linux x86_64; rv:153.0) Gecko/20100101 Firefox/153.0","timestamp":"2026-09-24T21:46:54.102Z"} 
[2026-09-25 04:46:54] local.DEBUG: [vite] connected. {"url":"http://localhost:8000/","user_agent":"Mozilla/5.0 (X11; Linux x86_64; rv:153.0) Gecko/20100101 Firefox/153.0","timestamp":"2026-09-24T21:46:54.137Z"} 
[2026-09-25 04:47:05] local.DEBUG: [vite] connecting... {"url":"http://localhost:8000/login","user_agent":"Mozilla/5.0 (X11; Linux x86_64; rv:153.0) Gecko/20100101 Firefox/153.0","timestamp":"2026-09-24T21:47:04.869Z"} 
[2026-09-25 04:47:05] local.DEBUG: [vite] connected. {"url":"http://localhost:8000/login","user_agent":"Mozilla/5.0 (X11; Linux x86_64; rv:153.0) Gecko/20100101 Firefox/153.0","timestamp":"2026-09-24T21:47:04.899Z"} 
[2026-09-25 04:49:04] local.DEBUG: [vite] server connection lost. Polling for restart... {"url":"http://localhost:8000/login","user_agent":"Mozilla/5.0 (X11; Linux x86_64; rv:153.0) Gecko/20100101 Firefox/153.0","timestamp":"2026-09-24T21:49:03.807Z"} 
[2026-09-25 04:49:06] local.DEBUG: [vite] server connection lost. Polling for restart... {"url":"http://localhost:8000/login","user_agent":"Mozilla/5.0 (X11; Linux x86_64; rv:153.0) Gecko/20100101 Firefox/153.0","timestamp":"2026-09-24T21:49:03.807Z"} 
[2026-09-25 04:49:21] local.DEBUG: [vite] connecting... {"url":"http://localhost:8000/","user_agent":"Mozilla/5.0 (X11; Linux x86_64; rv:153.0) Gecko/20100101 Firefox/153.0","timestamp":"2026-09-24T21:49:20.916Z"} 
[2026-09-25 04:49:21] local.DEBUG: [vite] connected. {"url":"http://localhost:8000/","user_agent":"Mozilla/5.0 (X11; Linux x86_64; rv:153.0) Gecko/20100101 Firefox/153.0","timestamp":"2026-09-24T21:49:20.964Z"} 
[2026-09-25 04:49:46] local.DEBUG: [vite] connecting... {"url":"http://localhost:8000/","user_agent":"Mozilla/5.0 (X11; Linux x86_64; rv:153.0) Gecko/20100101 Firefox/153.0","timestamp":"2026-09-24T21:49:46.437Z"} 
[2026-09-25 04:49:46] local.DEBUG: [vite] connected. {"url":"http://localhost:8000/","user_agent":"Mozilla/5.0 (X11; Linux x86_64; rv:153.0) Gecko/20100101 Firefox/153.0","timestamp":"2026-09-24T21:49:46.481Z"} 
[2026-09-25 04:56:13] local.DEBUG: [vite] connecting... {"url":"http://localhost:8000/register","user_agent":"Mozilla/5.0 (X11; Linux x86_64; rv:153.0) Gecko/20100101 Firefox/153.0","timestamp":"2026-09-24T21:56:13.660Z"} 
[2026-09-25 04:56:13] local.DEBUG: [vite] connected. {"url":"http://localhost:8000/register","user_agent":"Mozilla/5.0 (X11; Linux x86_64; rv:153.0) Gecko/20100101 Firefox/153.0","timestamp":"2026-09-24T21:56:13.776Z"} 
[2026-09-25 04:56:17] local.DEBUG: [vite] connecting... {"url":"http://localhost:8000/","user_agent":"Mozilla/5.0 (X11; Linux x86_64; rv:153.0) Gecko/20100101 Firefox/153.0","timestamp":"2026-09-24T21:56:17.785Z"} 
[2026-09-25 04:56:17] local.DEBUG: [vite] connected. {"url":"http://localhost:8000/","user_agent":"Mozilla/5.0 (X11; Linux x86_64; rv:153.0) Gecko/20100101 Firefox/153.0","timestamp":"2026-09-24T21:56:17.832Z"} 
[2026-09-25 04:57:17] local.DEBUG: [vite] connecting... {"url":"http://localhost:8000/login","user_agent":"Mozilla/5.0 (X11; Linux x86_64; rv:153.0) Gecko/20100101 Firefox/153.0","timestamp":"2026-09-24T21:57:17.520Z"} 
[2026-09-25 04:57:17] local.DEBUG: [vite] connected. {"url":"http://localhost:8000/login","user_agent":"Mozilla/5.0 (X11; Linux x86_64; rv:153.0) Gecko/20100101 Firefox/153.0","timestamp":"2026-09-24T21:57:17.572Z"} 
[2026-09-25 04:57:31] local.DEBUG: [vite] connecting... {"url":"http://localhost:8000/login","user_agent":"Mozilla/5.0 (X11; Linux x86_64; rv:153.0) Gecko/20100101 Firefox/153.0","timestamp":"2026-09-24T21:57:30.972Z"} 
[2026-09-25 04:57:31] local.DEBUG: [vite] connected. {"url":"http://localhost:8000/login","user_agent":"Mozilla/5.0 (X11; Linux x86_64; rv:153.0) Gecko/20100101 Firefox/153.0","timestamp":"2026-09-24T21:57:31.020Z"} 
[2026-09-25 04:57:39] local.DEBUG: [vite] connecting... {"url":"http://localhost:8000/admin/login","user_agent":"Mozilla/5.0 (X11; Linux x86_64; rv:153.0) Gecko/20100101 Firefox/153.0","timestamp":"2026-09-24T21:57:39.355Z"} 
[2026-09-25 04:57:39] local.DEBUG: [vite] connected. {"url":"http://localhost:8000/admin/login","user_agent":"Mozilla/5.0 (X11; Linux x86_64; rv:153.0) Gecko/20100101 Firefox/153.0","timestamp":"2026-09-24T21:57:39.399Z"} 
[2026-09-25 04:57:48] local.DEBUG: [vite] connecting... {"url":"http://localhost:8000/","user_agent":"Mozilla/5.0 (X11; Linux x86_64; rv:153.0) Gecko/20100101 Firefox/153.0","timestamp":"2026-09-24T21:57:48.438Z"} 
[2026-09-25 04:57:48] local.DEBUG: [vite] connected. {"url":"http://localhost:8000/","user_agent":"Mozilla/5.0 (X11; Linux x86_64; rv:153.0) Gecko/20100101 Firefox/153.0","timestamp":"2026-09-24T21:57:48.472Z"} 
[2026-09-25 04:57:56] local.DEBUG: [vite] connecting... {"url":"http://localhost:8000/login","user_agent":"Mozilla/5.0 (X11; Linux x86_64; rv:153.0) Gecko/20100101 Firefox/153.0","timestamp":"2026-09-24T21:57:56.830Z"} 
[2026-09-25 04:57:56] local.DEBUG: [vite] connected. {"url":"http://localhost:8000/login","user_agent":"Mozilla/5.0 (X11; Linux x86_64; rv:153.0) Gecko/20100101 Firefox/153.0","timestamp":"2026-09-24T21:57:56.861Z"} 
[2026-09-25 04:58:11] local.DEBUG: [vite] connecting... {"url":"http://localhost:8000/karyawan/login","user_agent":"Mozilla/5.0 (X11; Linux x86_64; rv:153.0) Gecko/20100101 Firefox/153.0","timestamp":"2026-09-24T21:58:11.577Z"} 
[2026-09-25 04:58:11] local.DEBUG: [vite] connected. {"url":"http://localhost:8000/karyawan/login","user_agent":"Mozilla/5.0 (X11; Linux x86_64; rv:153.0) Gecko/20100101 Firefox/153.0","timestamp":"2026-09-24T21:58:11.627Z"} 
[2026-09-25 04:58:20] local.DEBUG: [vite] connecting... {"url":"http://localhost:8000/admin/login","user_agent":"Mozilla/5.0 (X11; Linux x86_64; rv:153.0) Gecko/20100101 Firefox/153.0","timestamp":"2026-09-24T21:58:20.030Z"} 
[2026-09-25 04:58:20] local.DEBUG: [vite] connected. {"url":"http://localhost:8000/admin/login","user_agent":"Mozilla/5.0 (X11; Linux x86_64; rv:153.0) Gecko/20100101 Firefox/153.0","timestamp":"2026-09-24T21:58:20.054Z"} 
[2026-09-25 04:58:25] local.DEBUG: [vite] connecting... {"url":"http://localhost:8000/admin/dashboard","user_agent":"Mozilla/5.0 (X11; Linux x86_64; rv:153.0) Gecko/20100101 Firefox/153.0","timestamp":"2026-09-24T21:58:25.247Z"} 
[2026-09-25 04:58:25] local.DEBUG: [vite] connected. {"url":"http://localhost:8000/admin/dashboard","user_agent":"Mozilla/5.0 (X11; Linux x86_64; rv:153.0) Gecko/20100101 Firefox/153.0","timestamp":"2026-09-24T21:58:25.267Z"} 
[2026-09-25 04:58:28] local.DEBUG: [vite] connecting... {"url":"http://localhost:8000/admin/transaksi","user_agent":"Mozilla/5.0 (X11; Linux x86_64; rv:153.0) Gecko/20100101 Firefox/153.0","timestamp":"2026-09-24T21:58:28.675Z"} 
[2026-09-25 04:58:28] local.DEBUG: [vite] connected. {"url":"http://localhost:8000/admin/transaksi","user_agent":"Mozilla/5.0 (X11; Linux x86_64; rv:153.0) Gecko/20100101 Firefox/153.0","timestamp":"2026-09-24T21:58:28.703Z"} 
[2026-09-25 04:58:30] local.DEBUG: [vite] connecting... {"url":"http://localhost:8000/admin/dashboard","user_agent":"Mozilla/5.0 (X11; Linux x86_64; rv:153.0) Gecko/20100101 Firefox/153.0","timestamp":"2026-09-24T21:58:30.372Z"} 
[2026-09-25 04:58:30] local.DEBUG: [vite] connected. {"url":"http://localhost:8000/admin/dashboard","user_agent":"Mozilla/5.0 (X11; Linux x86_64; rv:153.0) Gecko/20100101 Firefox/153.0","timestamp":"2026-09-24T21:58:30.414Z"} 
[2026-09-25 05:06:08] local.DEBUG: [vite] connecting... {"url":"http://localhost:8000/admin/dashboard","user_agent":"Mozilla/5.0 (X11; Linux x86_64; rv:153.0) Gecko/20100101 Firefox/153.0","timestamp":"2026-09-24T22:06:07.761Z"} 
[2026-09-25 05:06:08] local.DEBUG: [vite] connected. {"url":"http://localhost:8000/admin/dashboard","user_agent":"Mozilla/5.0 (X11; Linux x86_64; rv:153.0) Gecko/20100101 Firefox/153.0","timestamp":"2026-09-24T22:06:07.782Z"} 
[2026-09-25 05:06:17] local.DEBUG: [vite] connecting... {"url":"http://localhost:8000/admin/dashboard","user_agent":"Mozilla/5.0 (X11; Linux x86_64; rv:153.0) Gecko/20100101 Firefox/153.0","timestamp":"2026-09-24T22:06:16.092Z"} 
[2026-09-25 05:06:17] local.DEBUG: [vite] connected. {"url":"http://localhost:8000/admin/dashboard","user_agent":"Mozilla/5.0 (X11; Linux x86_64; rv:153.0) Gecko/20100101 Firefox/153.0","timestamp":"2026-09-24T22:06:16.112Z"} 
[2026-09-25 05:06:36] local.DEBUG: [vite] connecting... {"url":"http://localhost:8000/admin/dashboard","user_agent":"Mozilla/5.0 (X11; Linux x86_64; rv:153.0) Gecko/20100101 Firefox/153.0","timestamp":"2026-09-24T22:06:35.378Z"} 
[2026-09-25 05:06:36] local.DEBUG: [vite] connected. {"url":"http://localhost:8000/admin/dashboard","user_agent":"Mozilla/5.0 (X11; Linux x86_64; rv:153.0) Gecko/20100101 Firefox/153.0","timestamp":"2026-09-24T22:06:35.394Z"} 
[2026-09-25 05:06:45] local.DEBUG: [vite] connecting... {"url":"http://localhost:8000/admin/dashboard","user_agent":"Mozilla/5.0 (X11; Linux x86_64; rv:153.0) Gecko/20100101 Firefox/153.0","timestamp":"2026-09-24T22:06:43.955Z"} 
[2026-09-25 05:06:45] local.DEBUG: [vite] connected. {"url":"http://localhost:8000/admin/dashboard","user_agent":"Mozilla/5.0 (X11; Linux x86_64; rv:153.0) Gecko/20100101 Firefox/153.0","timestamp":"2026-09-24T22:06:43.965Z"} 
[2026-09-25 05:06:51] local.DEBUG: [vite] connecting... {"url":"http://localhost:8000/admin/dashboard","user_agent":"Mozilla/5.0 (X11; Linux x86_64; rv:153.0) Gecko/20100101 Firefox/153.0","timestamp":"2026-09-24T22:06:50.447Z"} 
[2026-09-25 05:06:51] local.DEBUG: [vite] connected. {"url":"http://localhost:8000/admin/dashboard","user_agent":"Mozilla/5.0 (X11; Linux x86_64; rv:153.0) Gecko/20100101 Firefox/153.0","timestamp":"2026-09-24T22:06:50.510Z"} 
[2026-09-25 05:06:58] local.DEBUG: [vite] connecting... {"url":"http://localhost:8000/admin/dashboard","user_agent":"Mozilla/5.0 (X11; Linux x86_64; rv:153.0) Gecko/20100101 Firefox/153.0","timestamp":"2026-09-24T22:06:56.989Z"} 
[2026-09-25 05:06:58] local.DEBUG: [vite] connected. {"url":"http://localhost:8000/admin/dashboard","user_agent":"Mozilla/5.0 (X11; Linux x86_64; rv:153.0) Gecko/20100101 Firefox/153.0","timestamp":"2026-09-24T22:06:57.013Z"} 
[2026-09-25 05:07:10] local.DEBUG: [vite] connecting... {"url":"http://localhost:8000/admin/dashboard","user_agent":"Mozilla/5.0 (X11; Linux x86_64; rv:153.0) Gecko/20100101 Firefox/153.0","timestamp":"2026-09-24T22:07:09.789Z"} 
[2026-09-25 05:07:10] local.DEBUG: [vite] connected. {"url":"http://localhost:8000/admin/dashboard","user_agent":"Mozilla/5.0 (X11; Linux x86_64; rv:153.0) Gecko/20100101 Firefox/153.0","timestamp":"2026-09-24T22:07:09.813Z"} 
[2026-09-25 05:07:18] local.DEBUG: [vite] connecting... {"url":"http://localhost:8000/admin/dashboard","user_agent":"Mozilla/5.0 (X11; Linux x86_64; rv:153.0) Gecko/20100101 Firefox/153.0","timestamp":"2026-09-24T22:07:16.929Z"} 
[2026-09-25 05:07:18] local.DEBUG: [vite] connected. {"url":"http://localhost:8000/admin/dashboard","user_agent":"Mozilla/5.0 (X11; Linux x86_64; rv:153.0) Gecko/20100101 Firefox/153.0","timestamp":"2026-09-24T22:07:16.949Z"} 
[2026-09-25 05:07:32] local.DEBUG: [vite] connecting... {"url":"http://localhost:8000/admin/dashboard","user_agent":"Mozilla/5.0 (X11; Linux x86_64; rv:153.0) Gecko/20100101 Firefox/153.0","timestamp":"2026-09-24T22:07:31.007Z"} 
[2026-09-25 05:07:32] local.DEBUG: [vite] connected. {"url":"http://localhost:8000/admin/dashboard","user_agent":"Mozilla/5.0 (X11; Linux x86_64; rv:153.0) Gecko/20100101 Firefox/153.0","timestamp":"2026-09-24T22:07:31.028Z"} 
[2026-09-25 05:07:56] local.DEBUG: [vite] connecting... {"url":"http://localhost:8000/admin/dashboard","user_agent":"Mozilla/5.0 (X11; Linux x86_64; rv:153.0) Gecko/20100101 Firefox/153.0","timestamp":"2026-09-24T22:07:55.109Z"} 
[2026-09-25 05:07:56] local.DEBUG: [vite] connected. {"url":"http://localhost:8000/admin/dashboard","user_agent":"Mozilla/5.0 (X11; Linux x86_64; rv:153.0) Gecko/20100101 Firefox/153.0","timestamp":"2026-09-24T22:07:55.131Z"} 
[2026-09-25 05:08:16] local.DEBUG: [vite] connecting... {"url":"http://localhost:8000/admin/dashboard","user_agent":"Mozilla/5.0 (X11; Linux x86_64; rv:153.0) Gecko/20100101 Firefox/153.0","timestamp":"2026-09-24T22:08:15.335Z"} 
[2026-09-25 05:08:16] local.DEBUG: [vite] connected. {"url":"http://localhost:8000/admin/dashboard","user_agent":"Mozilla/5.0 (X11; Linux x86_64; rv:153.0) Gecko/20100101 Firefox/153.0","timestamp":"2026-09-24T22:08:15.356Z"} 
[2026-09-25 05:08:23] local.DEBUG: [vite] connecting... {"url":"http://localhost:8000/admin/dashboard","user_agent":"Mozilla/5.0 (X11; Linux x86_64; rv:153.0) Gecko/20100101 Firefox/153.0","timestamp":"2026-09-24T22:08:22.887Z"} 
[2026-09-25 05:08:23] local.DEBUG: [vite] connected. {"url":"http://localhost:8000/admin/dashboard","user_agent":"Mozilla/5.0 (X11; Linux x86_64; rv:153.0) Gecko/20100101 Firefox/153.0","timestamp":"2026-09-24T22:08:22.906Z"} 
[2026-09-25 05:08:30] local.DEBUG: [vite] connecting... {"url":"http://localhost:8000/admin/dashboard","user_agent":"Mozilla/5.0 (X11; Linux x86_64; rv:153.0) Gecko/20100101 Firefox/153.0","timestamp":"2026-09-24T22:08:29.584Z"} 
[2026-09-25 05:08:30] local.DEBUG: [vite] connected. {"url":"http://localhost:8000/admin/dashboard","user_agent":"Mozilla/5.0 (X11; Linux x86_64; rv:153.0) Gecko/20100101 Firefox/153.0","timestamp":"2026-09-24T22:08:29.603Z"} 
[2026-09-25 05:08:36] local.DEBUG: [vite] connecting... {"url":"http://localhost:8000/admin/dashboard","user_agent":"Mozilla/5.0 (X11; Linux x86_64; rv:153.0) Gecko/20100101 Firefox/153.0","timestamp":"2026-09-24T22:08:35.288Z"} 
[2026-09-25 05:08:36] local.DEBUG: [vite] connected. {"url":"http://localhost:8000/admin/dashboard","user_agent":"Mozilla/5.0 (X11; Linux x86_64; rv:153.0) Gecko/20100101 Firefox/153.0","timestamp":"2026-09-24T22:08:35.310Z"} 
[2026-09-25 05:08:43] local.DEBUG: [vite] connecting... {"url":"http://localhost:8000/admin/dashboard","user_agent":"Mozilla/5.0 (X11; Linux x86_64; rv:153.0) Gecko/20100101 Firefox/153.0","timestamp":"2026-09-24T22:08:42.341Z"} 
[2026-09-25 05:08:43] local.DEBUG: [vite] connected. {"url":"http://localhost:8000/admin/dashboard","user_agent":"Mozilla/5.0 (X11; Linux x86_64; rv:153.0) Gecko/20100101 Firefox/153.0","timestamp":"2026-09-24T22:08:42.361Z"} 
[2026-09-25 05:08:52] local.DEBUG: [vite] connecting... {"url":"http://localhost:8000/admin/dashboard","user_agent":"Mozilla/5.0 (X11; Linux x86_64; rv:153.0) Gecko/20100101 Firefox/153.0","timestamp":"2026-09-24T22:08:51.381Z"} 
[2026-09-25 05:08:52] local.DEBUG: [vite] connected. {"url":"http://localhost:8000/admin/dashboard","user_agent":"Mozilla/5.0 (X11; Linux x86_64; rv:153.0) Gecko/20100101 Firefox/153.0","timestamp":"2026-09-24T22:08:51.401Z"} 
[2026-09-25 05:09:14] local.DEBUG: [vite] connecting... {"url":"http://localhost:8000/admin/dashboard","user_agent":"Mozilla/5.0 (X11; Linux x86_64; rv:153.0) Gecko/20100101 Firefox/153.0","timestamp":"2026-09-24T22:09:13.034Z"} 
[2026-09-25 05:09:14] local.DEBUG: [vite] connected. {"url":"http://localhost:8000/admin/dashboard","user_agent":"Mozilla/5.0 (X11; Linux x86_64; rv:153.0) Gecko/20100101 Firefox/153.0","timestamp":"2026-09-24T22:09:13.057Z"} 
[2026-09-25 05:12:04] local.DEBUG: [vite] connecting... {"url":"http://localhost:8000/admin/dashboard","user_agent":"Mozilla/5.0 (X11; Linux x86_64; rv:153.0) Gecko/20100101 Firefox/153.0","timestamp":"2026-09-24T22:12:03.381Z"} 
[2026-09-25 05:12:04] local.DEBUG: [vite] connected. {"url":"http://localhost:8000/admin/dashboard","user_agent":"Mozilla/5.0 (X11; Linux x86_64; rv:153.0) Gecko/20100101 Firefox/153.0","timestamp":"2026-09-24T22:12:03.400Z"} 
[2026-09-25 05:13:15] local.DEBUG: [vite] server connection lost. Polling for restart... {"url":"http://localhost:8000/admin/dashboard","user_agent":"Mozilla/5.0 (X11; Linux x86_64; rv:153.0) Gecko/20100101 Firefox/153.0","timestamp":"2026-09-24T22:13:14.226Z"} 
[2026-09-25 05:13:23] local.DEBUG: [vite] connecting... {"url":"http://localhost:8000/admin/dashboard","user_agent":"Mozilla/5.0 (X11; Linux x86_64; rv:153.0) Gecko/20100101 Firefox/153.0","timestamp":"2026-09-24T22:13:22.847Z"} 
[2026-09-25 05:13:23] local.DEBUG: [vite] connected. {"url":"http://localhost:8000/admin/dashboard","user_agent":"Mozilla/5.0 (X11; Linux x86_64; rv:153.0) Gecko/20100101 Firefox/153.0","timestamp":"2026-09-24T22:13:22.891Z"} 
[2026-09-25 05:13:27] local.DEBUG: [vite] connecting... {"url":"http://localhost:8000/admin/profil","user_agent":"Mozilla/5.0 (X11; Linux x86_64; rv:153.0) Gecko/20100101 Firefox/153.0","timestamp":"2026-09-24T22:13:26.876Z"} 
[2026-09-25 05:13:27] local.DEBUG: [vite] connected. {"url":"http://localhost:8000/admin/profil","user_agent":"Mozilla/5.0 (X11; Linux x86_64; rv:153.0) Gecko/20100101 Firefox/153.0","timestamp":"2026-09-24T22:13:26.907Z"} 
[2026-09-25 05:13:28] local.DEBUG: [vite] connecting... {"url":"http://localhost:8000/login","user_agent":"Mozilla/5.0 (X11; Linux x86_64; rv:153.0) Gecko/20100101 Firefox/153.0","timestamp":"2026-09-24T22:13:28.625Z"} 
[2026-09-25 05:13:28] local.DEBUG: [vite] connected. {"url":"http://localhost:8000/login","user_agent":"Mozilla/5.0 (X11; Linux x86_64; rv:153.0) Gecko/20100101 Firefox/153.0","timestamp":"2026-09-24T22:13:28.671Z"} 
[2026-09-25 05:13:31] local.DEBUG: [vite] connecting... {"url":"http://localhost:8000/admin/profil","user_agent":"Mozilla/5.0 (X11; Linux x86_64; rv:153.0) Gecko/20100101 Firefox/153.0","timestamp":"2026-09-24T22:13:31.249Z"} 
[2026-09-25 05:13:31] local.DEBUG: [vite] connected. {"url":"http://localhost:8000/admin/profil","user_agent":"Mozilla/5.0 (X11; Linux x86_64; rv:153.0) Gecko/20100101 Firefox/153.0","timestamp":"2026-09-24T22:13:31.276Z"} 
[2026-09-25 05:13:31] local.DEBUG: [vite] connecting... {"url":"http://localhost:8000/admin/dashboard","user_agent":"Mozilla/5.0 (X11; Linux x86_64; rv:153.0) Gecko/20100101 Firefox/153.0","timestamp":"2026-09-24T22:13:31.657Z"} 
[2026-09-25 05:13:31] local.DEBUG: [vite] connected. {"url":"http://localhost:8000/admin/dashboard","user_agent":"Mozilla/5.0 (X11; Linux x86_64; rv:153.0) Gecko/20100101 Firefox/153.0","timestamp":"2026-09-24T22:13:31.690Z"} 
[2026-09-25 05:13:36] local.DEBUG: [vite] connecting... {"url":"http://localhost:8000/login","user_agent":"Mozilla/5.0 (X11; Linux x86_64; rv:153.0) Gecko/20100101 Firefox/153.0","timestamp":"2026-09-24T22:13:36.105Z"} 
[2026-09-25 05:13:36] local.DEBUG: [vite] connected. {"url":"http://localhost:8000/login","user_agent":"Mozilla/5.0 (X11; Linux x86_64; rv:153.0) Gecko/20100101 Firefox/153.0","timestamp":"2026-09-24T22:13:36.137Z"} 
[2026-09-25 05:13:41] local.DEBUG: [vite] connecting... {"url":"http://localhost:8000/","user_agent":"Mozilla/5.0 (X11; Linux x86_64; rv:153.0) Gecko/20100101 Firefox/153.0","timestamp":"2026-09-24T22:13:41.564Z"} 
[2026-09-25 05:13:41] local.DEBUG: [vite] connected. {"url":"http://localhost:8000/","user_agent":"Mozilla/5.0 (X11; Linux x86_64; rv:153.0) Gecko/20100101 Firefox/153.0","timestamp":"2026-09-24T22:13:41.605Z"} 
[2026-09-25 05:14:01] local.DEBUG: [vite] connecting... {"url":"http://localhost:8000/login","user_agent":"Mozilla/5.0 (X11; Linux x86_64; rv:153.0) Gecko/20100101 Firefox/153.0","timestamp":"2026-09-24T22:14:00.845Z"} 
[2026-09-25 05:14:01] local.DEBUG: [vite] connected. {"url":"http://localhost:8000/login","user_agent":"Mozilla/5.0 (X11; Linux x86_64; rv:153.0) Gecko/20100101 Firefox/153.0","timestamp":"2026-09-24T22:14:00.881Z"} 
[2026-09-25 05:14:10] local.DEBUG: [vite] connecting... {"url":"http://localhost:8000/admin/dashboard","user_agent":"Mozilla/5.0 (X11; Linux x86_64; rv:153.0) Gecko/20100101 Firefox/153.0","timestamp":"2026-09-24T22:14:10.159Z"} 
[2026-09-25 05:14:10] local.DEBUG: [vite] connected. {"url":"http://localhost:8000/admin/dashboard","user_agent":"Mozilla/5.0 (X11; Linux x86_64; rv:153.0) Gecko/20100101 Firefox/153.0","timestamp":"2026-09-24T22:14:10.204Z"} 
[2026-09-25 05:14:14] local.DEBUG: [vite] connecting... {"url":"http://localhost:8000/admin/layanan","user_agent":"Mozilla/5.0 (X11; Linux x86_64; rv:153.0) Gecko/20100101 Firefox/153.0","timestamp":"2026-09-24T22:14:14.522Z"} 
[2026-09-25 05:14:14] local.DEBUG: [vite] connected. {"url":"http://localhost:8000/admin/layanan","user_agent":"Mozilla/5.0 (X11; Linux x86_64; rv:153.0) Gecko/20100101 Firefox/153.0","timestamp":"2026-09-24T22:14:14.564Z"} 
[2026-09-25 05:14:16] local.DEBUG: [vite] connecting... {"url":"http://localhost:8000/admin/karyawan","user_agent":"Mozilla/5.0 (X11; Linux x86_64; rv:153.0) Gecko/20100101 Firefox/153.0","timestamp":"2026-09-24T22:14:16.844Z"} 
[2026-09-25 05:14:16] local.DEBUG: [vite] connected. {"url":"http://localhost:8000/admin/karyawan","user_agent":"Mozilla/5.0 (X11; Linux x86_64; rv:153.0) Gecko/20100101 Firefox/153.0","timestamp":"2026-09-24T22:14:16.862Z"} 
[2026-09-25 05:14:17] local.DEBUG: [vite] connecting... {"url":"http://localhost:8000/admin/karyawan","user_agent":"Mozilla/5.0 (X11; Linux x86_64; rv:153.0) Gecko/20100101 Firefox/153.0","timestamp":"2026-09-24T22:14:17.448Z"} 
[2026-09-25 05:14:17] local.DEBUG: [vite] connected. {"url":"http://localhost:8000/admin/karyawan","user_agent":"Mozilla/5.0 (X11; Linux x86_64; rv:153.0) Gecko/20100101 Firefox/153.0","timestamp":"2026-09-24T22:14:17.482Z"} 
[2026-09-25 05:14:20] local.DEBUG: [vite] connecting... {"url":"http://localhost:8000/admin/karyawan/create","user_agent":"Mozilla/5.0 (X11; Linux x86_64; rv:153.0) Gecko/20100101 Firefox/153.0","timestamp":"2026-09-24T22:14:20.004Z"} 
[2026-09-25 05:14:20] local.DEBUG: [vite] connected. {"url":"http://localhost:8000/admin/karyawan/create","user_agent":"Mozilla/5.0 (X11; Linux x86_64; rv:153.0) Gecko/20100101 Firefox/153.0","timestamp":"2026-09-24T22:14:20.070Z"} 
[2026-09-25 05:15:09] local.DEBUG: [vite] connecting... {"url":"http://localhost:8000/admin/karyawan/create","user_agent":"Mozilla/5.0 (X11; Linux x86_64; rv:153.0) Gecko/20100101 Firefox/153.0","timestamp":"2026-09-24T22:15:09.130Z"} 
[2026-09-25 05:15:09] local.DEBUG: [vite] connected. {"url":"http://localhost:8000/admin/karyawan/create","user_agent":"Mozilla/5.0 (X11; Linux x86_64; rv:153.0) Gecko/20100101 Firefox/153.0","timestamp":"2026-09-24T22:15:09.173Z"} 
[2026-09-25 05:15:19] local.DEBUG: [vite] connecting... {"url":"http://localhost:8000/admin/karyawan","user_agent":"Mozilla/5.0 (X11; Linux x86_64; rv:153.0) Gecko/20100101 Firefox/153.0","timestamp":"2026-09-24T22:15:19.187Z"} 
[2026-09-25 05:15:19] local.DEBUG: [vite] connected. {"url":"http://localhost:8000/admin/karyawan","user_agent":"Mozilla/5.0 (X11; Linux x86_64; rv:153.0) Gecko/20100101 Firefox/153.0","timestamp":"2026-09-24T22:15:19.230Z"} 
[2026-09-25 05:15:24] local.DEBUG: [vite] connecting... {"url":"http://localhost:8000/login","user_agent":"Mozilla/5.0 (X11; Linux x86_64; rv:153.0) Gecko/20100101 Firefox/153.0","timestamp":"2026-09-24T22:15:24.151Z"} 
[2026-09-25 05:15:24] local.DEBUG: [vite] connected. {"url":"http://localhost:8000/login","user_agent":"Mozilla/5.0 (X11; Linux x86_64; rv:153.0) Gecko/20100101 Firefox/153.0","timestamp":"2026-09-24T22:15:24.196Z"} 
[2026-09-25 05:15:36] local.DEBUG: [vite] connecting... {"url":"http://localhost:8000/karyawan/dashboard","user_agent":"Mozilla/5.0 (X11; Linux x86_64; rv:153.0) Gecko/20100101 Firefox/153.0","timestamp":"2026-09-24T22:15:36.559Z"} 
[2026-09-25 05:15:36] local.DEBUG: [vite] connected. {"url":"http://localhost:8000/karyawan/dashboard","user_agent":"Mozilla/5.0 (X11; Linux x86_64; rv:153.0) Gecko/20100101 Firefox/153.0","timestamp":"2026-09-24T22:15:36.600Z"} 
[2026-09-25 05:15:39] local.DEBUG: [vite] connecting... {"url":"http://localhost:8000/karyawan/transaksi","user_agent":"Mozilla/5.0 (X11; Linux x86_64; rv:153.0) Gecko/20100101 Firefox/153.0","timestamp":"2026-09-24T22:15:39.672Z"} 
[2026-09-25 05:15:39] local.DEBUG: [vite] connected. {"url":"http://localhost:8000/karyawan/transaksi","user_agent":"Mozilla/5.0 (X11; Linux x86_64; rv:153.0) Gecko/20100101 Firefox/153.0","timestamp":"2026-09-24T22:15:39.708Z"} 
[2026-09-25 05:15:41] local.DEBUG: [vite] connecting... {"url":"http://localhost:8000/karyawan/pelanggan","user_agent":"Mozilla/5.0 (X11; Linux x86_64; rv:153.0) Gecko/20100101 Firefox/153.0","timestamp":"2026-09-24T22:15:41.006Z"} 
[2026-09-25 05:15:41] local.DEBUG: [vite] connected. {"url":"http://localhost:8000/karyawan/pelanggan","user_agent":"Mozilla/5.0 (X11; Linux x86_64; rv:153.0) Gecko/20100101 Firefox/153.0","timestamp":"2026-09-24T22:15:41.021Z"} 
[2026-09-25 05:15:43] local.DEBUG: [vite] connecting... {"url":"http://localhost:8000/karyawan/layanan","user_agent":"Mozilla/5.0 (X11; Linux x86_64; rv:153.0) Gecko/20100101 Firefox/153.0","timestamp":"2026-09-24T22:15:42.906Z"} 
[2026-09-25 05:15:43] local.DEBUG: [vite] connected. {"url":"http://localhost:8000/karyawan/layanan","user_agent":"Mozilla/5.0 (X11; Linux x86_64; rv:153.0) Gecko/20100101 Firefox/153.0","timestamp":"2026-09-24T22:15:42.946Z"} 
[2026-09-25 05:15:43] local.DEBUG: [vite] connecting... {"url":"http://localhost:8000/karyawan/pembayaran","user_agent":"Mozilla/5.0 (X11; Linux x86_64; rv:153.0) Gecko/20100101 Firefox/153.0","timestamp":"2026-09-24T22:15:43.787Z"} 
[2026-09-25 05:15:43] local.DEBUG: [vite] connected. {"url":"http://localhost:8000/karyawan/pembayaran","user_agent":"Mozilla/5.0 (X11; Linux x86_64; rv:153.0) Gecko/20100101 Firefox/153.0","timestamp":"2026-09-24T22:15:43.818Z"} 
[2026-09-25 05:15:45] local.DEBUG: [vite] connecting... {"url":"http://localhost:8000/karyawan/rating","user_agent":"Mozilla/5.0 (X11; Linux x86_64; rv:153.0) Gecko/20100101 Firefox/153.0","timestamp":"2026-09-24T22:15:45.820Z"} 
[2026-09-25 05:15:45] local.DEBUG: [vite] connected. {"url":"http://localhost:8000/karyawan/rating","user_agent":"Mozilla/5.0 (X11; Linux x86_64; rv:153.0) Gecko/20100101 Firefox/153.0","timestamp":"2026-09-24T22:15:45.841Z"} 
[2026-09-25 05:15:47] local.DEBUG: [vite] connecting... {"url":"http://localhost:8000/karyawan/laporan","user_agent":"Mozilla/5.0 (X11; Linux x86_64; rv:153.0) Gecko/20100101 Firefox/153.0","timestamp":"2026-09-24T22:15:47.019Z"} 
[2026-09-25 05:15:47] local.DEBUG: [vite] connected. {"url":"http://localhost:8000/karyawan/laporan","user_agent":"Mozilla/5.0 (X11; Linux x86_64; rv:153.0) Gecko/20100101 Firefox/153.0","timestamp":"2026-09-24T22:15:47.057Z"} 
[2026-09-25 05:15:49] local.DEBUG: [vite] connecting... {"url":"http://localhost:8000/karyawan/dashboard","user_agent":"Mozilla/5.0 (X11; Linux x86_64; rv:153.0) Gecko/20100101 Firefox/153.0","timestamp":"2026-09-24T22:15:49.264Z"} 
[2026-09-25 05:15:49] local.DEBUG: [vite] connected. {"url":"http://localhost:8000/karyawan/dashboard","user_agent":"Mozilla/5.0 (X11; Linux x86_64; rv:153.0) Gecko/20100101 Firefox/153.0","timestamp":"2026-09-24T22:15:49.289Z"} 
[2026-09-25 05:20:03] local.DEBUG: [vite] connecting... {"url":"http://localhost:8000/login","user_agent":"Mozilla/5.0 (X11; Linux x86_64; rv:153.0) Gecko/20100101 Firefox/153.0","timestamp":"2026-09-24T22:20:03.467Z"} 
[2026-09-25 05:20:03] local.DEBUG: [vite] connected. {"url":"http://localhost:8000/login","user_agent":"Mozilla/5.0 (X11; Linux x86_64; rv:153.0) Gecko/20100101 Firefox/153.0","timestamp":"2026-09-24T22:20:03.547Z"} 
[2026-09-25 05:24:20] local.DEBUG: [vite] connecting... {"url":"http://localhost:8000/login","user_agent":"Mozilla/5.0 (X11; Linux x86_64; rv:153.0) Gecko/20100101 Firefox/153.0","timestamp":"2026-09-24T22:24:19.141Z"} 
[2026-09-25 05:24:20] local.DEBUG: [vite] connected. {"url":"http://localhost:8000/login","user_agent":"Mozilla/5.0 (X11; Linux x86_64; rv:153.0) Gecko/20100101 Firefox/153.0","timestamp":"2026-09-24T22:24:19.166Z"} 
[2026-09-25 05:24:26] local.DEBUG: [vite] connecting... {"url":"http://localhost:8000/login","user_agent":"Mozilla/5.0 (X11; Linux x86_64; rv:153.0) Gecko/20100101 Firefox/153.0","timestamp":"2026-09-24T22:24:25.604Z"} 
[2026-09-25 05:24:26] local.DEBUG: [vite] connected. {"url":"http://localhost:8000/login","user_agent":"Mozilla/5.0 (X11; Linux x86_64; rv:153.0) Gecko/20100101 Firefox/153.0","timestamp":"2026-09-24T22:24:25.623Z"} 
[2026-09-25 05:25:07] local.DEBUG: [vite] connecting... {"url":"http://localhost:8000/login","user_agent":"Mozilla/5.0 (X11; Linux x86_64; rv:153.0) Gecko/20100101 Firefox/153.0","timestamp":"2026-09-24T22:25:06.933Z"} 
[2026-09-25 05:25:07] local.DEBUG: [vite] connected. {"url":"http://localhost:8000/login","user_agent":"Mozilla/5.0 (X11; Linux x86_64; rv:153.0) Gecko/20100101 Firefox/153.0","timestamp":"2026-09-24T22:25:06.960Z"} 
[2026-09-25 05:25:39] local.DEBUG: [vite] connecting... {"url":"http://localhost:8000/login","user_agent":"Mozilla/5.0 (X11; Linux x86_64; rv:153.0) Gecko/20100101 Firefox/153.0","timestamp":"2026-09-24T22:25:38.688Z"} 
[2026-09-25 05:25:39] local.DEBUG: [vite] connected. {"url":"http://localhost:8000/login","user_agent":"Mozilla/5.0 (X11; Linux x86_64; rv:153.0) Gecko/20100101 Firefox/153.0","timestamp":"2026-09-24T22:25:38.714Z"} 
[2026-09-25 05:32:36] local.DEBUG: [vite] connecting... {"url":"http://localhost:8000/register","user_agent":"Mozilla/5.0 (X11; Linux x86_64; rv:153.0) Gecko/20100101 Firefox/153.0","timestamp":"2026-09-24T22:32:36.027Z"} 
[2026-09-25 05:32:36] local.DEBUG: [vite] connected. {"url":"http://localhost:8000/register","user_agent":"Mozilla/5.0 (X11; Linux x86_64; rv:153.0) Gecko/20100101 Firefox/153.0","timestamp":"2026-09-24T22:32:36.043Z"} 
[2026-09-25 05:36:58] local.DEBUG: [vite] connecting... {"url":"http://localhost:8000/dashboard","user_agent":"Mozilla/5.0 (X11; Linux x86_64; rv:153.0) Gecko/20100101 Firefox/153.0","timestamp":"2026-09-24T22:36:57.902Z"} 
[2026-09-25 05:36:58] local.DEBUG: [vite] connected. {"url":"http://localhost:8000/dashboard","user_agent":"Mozilla/5.0 (X11; Linux x86_64; rv:153.0) Gecko/20100101 Firefox/153.0","timestamp":"2026-09-24T22:36:57.941Z"} 
[2026-09-25 05:37:04] local.DEBUG: [vite] connecting... {"url":"http://localhost:8000/pesan","user_agent":"Mozilla/5.0 (X11; Linux x86_64; rv:153.0) Gecko/20100101 Firefox/153.0","timestamp":"2026-09-24T22:37:04.402Z"} 
[2026-09-25 05:37:04] local.DEBUG: [vite] connected. {"url":"http://localhost:8000/pesan","user_agent":"Mozilla/5.0 (X11; Linux x86_64; rv:153.0) Gecko/20100101 Firefox/153.0","timestamp":"2026-09-24T22:37:04.424Z"} 
[2026-09-25 05:37:07] local.DEBUG: [vite] connecting... {"url":"http://localhost:8000/pesanan","user_agent":"Mozilla/5.0 (X11; Linux x86_64; rv:153.0) Gecko/20100101 Firefox/153.0","timestamp":"2026-09-24T22:37:07.241Z"} 
[2026-09-25 05:37:07] local.DEBUG: [vite] connected. {"url":"http://localhost:8000/pesanan","user_agent":"Mozilla/5.0 (X11; Linux x86_64; rv:153.0) Gecko/20100101 Firefox/153.0","timestamp":"2026-09-24T22:37:07.279Z"} 
[2026-09-25 05:37:09] local.DEBUG: [vite] connecting... {"url":"http://localhost:8000/layanan","user_agent":"Mozilla/5.0 (X11; Linux x86_64; rv:153.0) Gecko/20100101 Firefox/153.0","timestamp":"2026-09-24T22:37:09.748Z"} 
[2026-09-25 05:37:09] local.DEBUG: [vite] connected. {"url":"http://localhost:8000/layanan","user_agent":"Mozilla/5.0 (X11; Linux x86_64; rv:153.0) Gecko/20100101 Firefox/153.0","timestamp":"2026-09-24T22:37:09.769Z"} 
[2026-09-25 05:37:16] local.DEBUG: [vite] connecting... {"url":"http://localhost:8000/pesanan","user_agent":"Mozilla/5.0 (X11; Linux x86_64; rv:153.0) Gecko/20100101 Firefox/153.0","timestamp":"2026-09-24T22:37:15.960Z"} 
[2026-09-25 05:37:16] local.DEBUG: [vite] connected. {"url":"http://localhost:8000/pesanan","user_agent":"Mozilla/5.0 (X11; Linux x86_64; rv:153.0) Gecko/20100101 Firefox/153.0","timestamp":"2026-09-24T22:37:15.976Z"} 
[2026-09-25 05:37:19] local.DEBUG: [vite] connecting... {"url":"http://localhost:8000/dashboard","user_agent":"Mozilla/5.0 (X11; Linux x86_64; rv:153.0) Gecko/20100101 Firefox/153.0","timestamp":"2026-09-24T22:37:19.628Z"} 
[2026-09-25 05:37:19] local.DEBUG: [vite] connected. {"url":"http://localhost:8000/dashboard","user_agent":"Mozilla/5.0 (X11; Linux x86_64; rv:153.0) Gecko/20100101 Firefox/153.0","timestamp":"2026-09-24T22:37:19.641Z"} 
[2026-09-25 05:37:21] local.DEBUG: [vite] connecting... {"url":"http://localhost:8000/layanan","user_agent":"Mozilla/5.0 (X11; Linux x86_64; rv:153.0) Gecko/20100101 Firefox/153.0","timestamp":"2026-09-24T22:37:21.411Z"} 
[2026-09-25 05:37:21] local.DEBUG: [vite] connected. {"url":"http://localhost:8000/layanan","user_agent":"Mozilla/5.0 (X11; Linux x86_64; rv:153.0) Gecko/20100101 Firefox/153.0","timestamp":"2026-09-24T22:37:21.437Z"} 
[2026-09-25 05:37:24] local.DEBUG: [vite] connecting... {"url":"http://localhost:8000/pesan","user_agent":"Mozilla/5.0 (X11; Linux x86_64; rv:153.0) Gecko/20100101 Firefox/153.0","timestamp":"2026-09-24T22:37:24.781Z"} 
[2026-09-25 05:37:24] local.DEBUG: [vite] connected. {"url":"http://localhost:8000/pesan","user_agent":"Mozilla/5.0 (X11; Linux x86_64; rv:153.0) Gecko/20100101 Firefox/153.0","timestamp":"2026-09-24T22:37:24.813Z"} 
[2026-09-25 05:37:52] local.DEBUG: [vite] connecting... {"url":"http://localhost:8000/pesanan/1","user_agent":"Mozilla/5.0 (X11; Linux x86_64; rv:153.0) Gecko/20100101 Firefox/153.0","timestamp":"2026-09-24T22:37:52.763Z"} 
[2026-09-25 05:37:52] local.DEBUG: [vite] connected. {"url":"http://localhost:8000/pesanan/1","user_agent":"Mozilla/5.0 (X11; Linux x86_64; rv:153.0) Gecko/20100101 Firefox/153.0","timestamp":"2026-09-24T22:37:52.788Z"} 
[2026-09-25 05:37:59] local.DEBUG: [vite] connecting... {"url":"http://localhost:8000/pembayaran/1","user_agent":"Mozilla/5.0 (X11; Linux x86_64; rv:153.0) Gecko/20100101 Firefox/153.0","timestamp":"2026-09-24T22:37:58.997Z"} 
[2026-09-25 05:37:59] local.DEBUG: [vite] connected. {"url":"http://localhost:8000/pembayaran/1","user_agent":"Mozilla/5.0 (X11; Linux x86_64; rv:153.0) Gecko/20100101 Firefox/153.0","timestamp":"2026-09-24T22:37:59.034Z"} 
[2026-09-25 05:38:02] local.DEBUG: [vite] connecting... {"url":"http://localhost:8000/pesanan/1","user_agent":"Mozilla/5.0 (X11; Linux x86_64; rv:153.0) Gecko/20100101 Firefox/153.0","timestamp":"2026-09-24T22:38:02.742Z"} 
[2026-09-25 05:38:02] local.DEBUG: [vite] connected. {"url":"http://localhost:8000/pesanan/1","user_agent":"Mozilla/5.0 (X11; Linux x86_64; rv:153.0) Gecko/20100101 Firefox/153.0","timestamp":"2026-09-24T22:38:02.774Z"} 
[2026-09-25 05:38:08] local.DEBUG: [vite] connecting... {"url":"http://localhost:8000/login","user_agent":"Mozilla/5.0 (X11; Linux x86_64; rv:153.0) Gecko/20100101 Firefox/153.0","timestamp":"2026-09-24T22:38:08.287Z"} 
[2026-09-25 05:38:08] local.DEBUG: [vite] connected. {"url":"http://localhost:8000/login","user_agent":"Mozilla/5.0 (X11; Linux x86_64; rv:153.0) Gecko/20100101 Firefox/153.0","timestamp":"2026-09-24T22:38:08.333Z"} 
[2026-09-25 05:38:22] local.DEBUG: [vite] connecting... {"url":"http://localhost:8000/admin/dashboard","user_agent":"Mozilla/5.0 (X11; Linux x86_64; rv:153.0) Gecko/20100101 Firefox/153.0","timestamp":"2026-09-24T22:38:22.347Z"} 
[2026-09-25 05:38:22] local.DEBUG: [vite] connected. {"url":"http://localhost:8000/admin/dashboard","user_agent":"Mozilla/5.0 (X11; Linux x86_64; rv:153.0) Gecko/20100101 Firefox/153.0","timestamp":"2026-09-24T22:38:22.389Z"} 
[2026-09-25 05:38:25] local.DEBUG: [vite] connecting... {"url":"http://localhost:8000/admin/pelanggan","user_agent":"Mozilla/5.0 (X11; Linux x86_64; rv:153.0) Gecko/20100101 Firefox/153.0","timestamp":"2026-09-24T22:38:25.696Z"} 
[2026-09-25 05:38:25] local.DEBUG: [vite] connected. {"url":"http://localhost:8000/admin/pelanggan","user_agent":"Mozilla/5.0 (X11; Linux x86_64; rv:153.0) Gecko/20100101 Firefox/153.0","timestamp":"2026-09-24T22:38:25.733Z"} 
[2026-09-25 05:38:28] local.DEBUG: [vite] connecting... {"url":"http://localhost:8000/admin/layanan","user_agent":"Mozilla/5.0 (X11; Linux x86_64; rv:153.0) Gecko/20100101 Firefox/153.0","timestamp":"2026-09-24T22:38:28.240Z"} 
[2026-09-25 05:38:28] local.DEBUG: [vite] connected. {"url":"http://localhost:8000/admin/layanan","user_agent":"Mozilla/5.0 (X11; Linux x86_64; rv:153.0) Gecko/20100101 Firefox/153.0","timestamp":"2026-09-24T22:38:28.280Z"} 
[2026-09-25 05:38:29] local.DEBUG: [vite] connecting... {"url":"http://localhost:8000/admin/karyawan","user_agent":"Mozilla/5.0 (X11; Linux x86_64; rv:153.0) Gecko/20100101 Firefox/153.0","timestamp":"2026-09-24T22:38:29.477Z"} 
[2026-09-25 05:38:29] local.DEBUG: [vite] connected. {"url":"http://localhost:8000/admin/karyawan","user_agent":"Mozilla/5.0 (X11; Linux x86_64; rv:153.0) Gecko/20100101 Firefox/153.0","timestamp":"2026-09-24T22:38:29.514Z"} 
[2026-09-25 05:38:31] local.DEBUG: [vite] connecting... {"url":"http://localhost:8000/login","user_agent":"Mozilla/5.0 (X11; Linux x86_64; rv:153.0) Gecko/20100101 Firefox/153.0","timestamp":"2026-09-24T22:38:31.419Z"} 
[2026-09-25 05:38:31] local.DEBUG: [vite] connected. {"url":"http://localhost:8000/login","user_agent":"Mozilla/5.0 (X11; Linux x86_64; rv:153.0) Gecko/20100101 Firefox/153.0","timestamp":"2026-09-24T22:38:31.473Z"} 
[2026-09-25 05:38:46] local.DEBUG: [vite] connecting... {"url":"http://localhost:8000/login","user_agent":"Mozilla/5.0 (X11; Linux x86_64; rv:153.0) Gecko/20100101 Firefox/153.0","timestamp":"2026-09-24T22:38:45.849Z"} 
[2026-09-25 05:38:46] local.DEBUG: [vite] connected. {"url":"http://localhost:8000/login","user_agent":"Mozilla/5.0 (X11; Linux x86_64; rv:153.0) Gecko/20100101 Firefox/153.0","timestamp":"2026-09-24T22:38:45.873Z"} 
[2026-09-25 05:38:54] local.DEBUG: [vite] connecting... {"url":"http://localhost:8000/login","user_agent":"Mozilla/5.0 (X11; Linux x86_64; rv:153.0) Gecko/20100101 Firefox/153.0","timestamp":"2026-09-24T22:38:54.028Z"} 
[2026-09-25 05:38:54] local.DEBUG: [vite] connected. {"url":"http://localhost:8000/login","user_agent":"Mozilla/5.0 (X11; Linux x86_64; rv:153.0) Gecko/20100101 Firefox/153.0","timestamp":"2026-09-24T22:38:54.073Z"} 
[2026-09-25 05:39:11] local.DEBUG: [vite] connecting... {"url":"http://localhost:8000/karyawan/dashboard","user_agent":"Mozilla/5.0 (X11; Linux x86_64; rv:153.0) Gecko/20100101 Firefox/153.0","timestamp":"2026-09-24T22:39:11.349Z"} 
[2026-09-25 05:39:11] local.DEBUG: [vite] connected. {"url":"http://localhost:8000/karyawan/dashboard","user_agent":"Mozilla/5.0 (X11; Linux x86_64; rv:153.0) Gecko/20100101 Firefox/153.0","timestamp":"2026-09-24T22:39:11.380Z"} 
[2026-09-25 05:39:16] local.DEBUG: [vite] connecting... {"url":"http://localhost:8000/karyawan/transaksi","user_agent":"Mozilla/5.0 (X11; Linux x86_64; rv:153.0) Gecko/20100101 Firefox/153.0","timestamp":"2026-09-24T22:39:16.087Z"} 
[2026-09-25 05:39:16] local.DEBUG: [vite] connected. {"url":"http://localhost:8000/karyawan/transaksi","user_agent":"Mozilla/5.0 (X11; Linux x86_64; rv:153.0) Gecko/20100101 Firefox/153.0","timestamp":"2026-09-24T22:39:16.120Z"} 
[2026-09-25 05:39:17] local.DEBUG: [vite] connecting... {"url":"http://localhost:8000/karyawan/pembayaran","user_agent":"Mozilla/5.0 (X11; Linux x86_64; rv:153.0) Gecko/20100101 Firefox/153.0","timestamp":"2026-09-24T22:39:17.653Z"} 
[2026-09-25 05:39:17] local.DEBUG: [vite] connected. {"url":"http://localhost:8000/karyawan/pembayaran","user_agent":"Mozilla/5.0 (X11; Linux x86_64; rv:153.0) Gecko/20100101 Firefox/153.0","timestamp":"2026-09-24T22:39:17.722Z"} 
[2026-09-25 05:39:18] local.DEBUG: [vite] connecting... {"url":"http://localhost:8000/karyawan/pelanggan","user_agent":"Mozilla/5.0 (X11; Linux x86_64; rv:153.0) Gecko/20100101 Firefox/153.0","timestamp":"2026-09-24T22:39:18.564Z"} 
[2026-09-25 05:39:18] local.DEBUG: [vite] connected. {"url":"http://localhost:8000/karyawan/pelanggan","user_agent":"Mozilla/5.0 (X11; Linux x86_64; rv:153.0) Gecko/20100101 Firefox/153.0","timestamp":"2026-09-24T22:39:18.598Z"} 
[2026-09-25 05:39:20] local.DEBUG: [vite] connecting... {"url":"http://localhost:8000/karyawan/transaksi","user_agent":"Mozilla/5.0 (X11; Linux x86_64; rv:153.0) Gecko/20100101 Firefox/153.0","timestamp":"2026-09-24T22:39:20.384Z"} 
[2026-09-25 05:39:20] local.DEBUG: [vite] connected. {"url":"http://localhost:8000/karyawan/transaksi","user_agent":"Mozilla/5.0 (X11; Linux x86_64; rv:153.0) Gecko/20100101 Firefox/153.0","timestamp":"2026-09-24T22:39:20.417Z"} 
[2026-09-25 05:39:23] local.DEBUG: [vite] connecting... {"url":"http://localhost:8000/karyawan/transaksi/1","user_agent":"Mozilla/5.0 (X11; Linux x86_64; rv:153.0) Gecko/20100101 Firefox/153.0","timestamp":"2026-09-24T22:39:23.687Z"} 
[2026-09-25 05:39:23] local.DEBUG: [vite] connected. {"url":"http://localhost:8000/karyawan/transaksi/1","user_agent":"Mozilla/5.0 (X11; Linux x86_64; rv:153.0) Gecko/20100101 Firefox/153.0","timestamp":"2026-09-24T22:39:23.719Z"} 
[2026-09-25 05:39:27] local.DEBUG: [vite] connecting... {"url":"http://localhost:8000/karyawan/transaksi/1","user_agent":"Mozilla/5.0 (X11; Linux x86_64; rv:153.0) Gecko/20100101 Firefox/153.0","timestamp":"2026-09-24T22:39:27.535Z"} 
[2026-09-25 05:39:27] local.DEBUG: [vite] connected. {"url":"http://localhost:8000/karyawan/transaksi/1","user_agent":"Mozilla/5.0 (X11; Linux x86_64; rv:153.0) Gecko/20100101 Firefox/153.0","timestamp":"2026-09-24T22:39:27.566Z"} 
[2026-09-25 05:39:38] local.DEBUG: [vite] connecting... {"url":"http://localhost:8000/karyawan/transaksi","user_agent":"Mozilla/5.0 (X11; Linux x86_64; rv:153.0) Gecko/20100101 Firefox/153.0","timestamp":"2026-09-24T22:39:37.963Z"} 
[2026-09-25 05:39:38] local.DEBUG: [vite] connected. {"url":"http://localhost:8000/karyawan/transaksi","user_agent":"Mozilla/5.0 (X11; Linux x86_64; rv:153.0) Gecko/20100101 Firefox/153.0","timestamp":"2026-09-24T22:39:37.985Z"} 
[2026-09-25 05:39:41] local.DEBUG: [vite] connecting... {"url":"http://localhost:8000/karyawan/pelanggan","user_agent":"Mozilla/5.0 (X11; Linux x86_64; rv:153.0) Gecko/20100101 Firefox/153.0","timestamp":"2026-09-24T22:39:41.772Z"} 
[2026-09-25 05:39:41] local.DEBUG: [vite] connected. {"url":"http://localhost:8000/karyawan/pelanggan","user_agent":"Mozilla/5.0 (X11; Linux x86_64; rv:153.0) Gecko/20100101 Firefox/153.0","timestamp":"2026-09-24T22:39:41.804Z"} 
[2026-09-25 05:39:43] local.DEBUG: [vite] connecting... {"url":"http://localhost:8000/karyawan/layanan","user_agent":"Mozilla/5.0 (X11; Linux x86_64; rv:153.0) Gecko/20100101 Firefox/153.0","timestamp":"2026-09-24T22:39:43.696Z"} 
[2026-09-25 05:39:43] local.DEBUG: [vite] connected. {"url":"http://localhost:8000/karyawan/layanan","user_agent":"Mozilla/5.0 (X11; Linux x86_64; rv:153.0) Gecko/20100101 Firefox/153.0","timestamp":"2026-09-24T22:39:43.713Z"} 
[2026-09-25 05:39:44] local.DEBUG: [vite] connecting... {"url":"http://localhost:8000/karyawan/pembayaran","user_agent":"Mozilla/5.0 (X11; Linux x86_64; rv:153.0) Gecko/20100101 Firefox/153.0","timestamp":"2026-09-24T22:39:44.767Z"} 
[2026-09-25 05:39:44] local.DEBUG: [vite] connected. {"url":"http://localhost:8000/karyawan/pembayaran","user_agent":"Mozilla/5.0 (X11; Linux x86_64; rv:153.0) Gecko/20100101 Firefox/153.0","timestamp":"2026-09-24T22:39:44.786Z"} 
[2026-09-25 05:39:48] local.DEBUG: [vite] connecting... {"url":"http://localhost:8000/karyawan/pembayaran","user_agent":"Mozilla/5.0 (X11; Linux x86_64; rv:153.0) Gecko/20100101 Firefox/153.0","timestamp":"2026-09-24T22:39:48.590Z"} 
[2026-09-25 05:39:48] local.DEBUG: [vite] connected. {"url":"http://localhost:8000/karyawan/pembayaran","user_agent":"Mozilla/5.0 (X11; Linux x86_64; rv:153.0) Gecko/20100101 Firefox/153.0","timestamp":"2026-09-24T22:39:48.605Z"} 
[2026-09-25 05:39:53] local.DEBUG: [vite] connecting... {"url":"http://localhost:8000/karyawan/pelanggan","user_agent":"Mozilla/5.0 (X11; Linux x86_64; rv:153.0) Gecko/20100101 Firefox/153.0","timestamp":"2026-09-24T22:39:52.972Z"} 
[2026-09-25 05:39:53] local.DEBUG: [vite] connected. {"url":"http://localhost:8000/karyawan/pelanggan","user_agent":"Mozilla/5.0 (X11; Linux x86_64; rv:153.0) Gecko/20100101 Firefox/153.0","timestamp":"2026-09-24T22:39:52.990Z"} 
[2026-09-25 05:39:55] local.DEBUG: [vite] connecting... {"url":"http://localhost:8000/karyawan/transaksi","user_agent":"Mozilla/5.0 (X11; Linux x86_64; rv:153.0) Gecko/20100101 Firefox/153.0","timestamp":"2026-09-24T22:39:55.110Z"} 
[2026-09-25 05:39:55] local.DEBUG: [vite] connected. {"url":"http://localhost:8000/karyawan/transaksi","user_agent":"Mozilla/5.0 (X11; Linux x86_64; rv:153.0) Gecko/20100101 Firefox/153.0","timestamp":"2026-09-24T22:39:55.149Z"} 
[2026-09-25 05:39:57] local.DEBUG: [vite] connecting... {"url":"http://localhost:8000/karyawan/rating","user_agent":"Mozilla/5.0 (X11; Linux x86_64; rv:153.0) Gecko/20100101 Firefox/153.0","timestamp":"2026-09-24T22:39:57.607Z"} 
[2026-09-25 05:39:57] local.DEBUG: [vite] connected. {"url":"http://localhost:8000/karyawan/rating","user_agent":"Mozilla/5.0 (X11; Linux x86_64; rv:153.0) Gecko/20100101 Firefox/153.0","timestamp":"2026-09-24T22:39:57.625Z"} 
[2026-09-25 05:40:02] local.DEBUG: [vite] connecting... {"url":"http://localhost:8000/karyawan/pembayaran","user_agent":"Mozilla/5.0 (X11; Linux x86_64; rv:153.0) Gecko/20100101 Firefox/153.0","timestamp":"2026-09-24T22:40:01.971Z"} 
[2026-09-25 05:40:02] local.DEBUG: [vite] connected. {"url":"http://localhost:8000/karyawan/pembayaran","user_agent":"Mozilla/5.0 (X11; Linux x86_64; rv:153.0) Gecko/20100101 Firefox/153.0","timestamp":"2026-09-24T22:40:01.991Z"} 
[2026-09-25 05:40:06] local.DEBUG: [vite] connecting... {"url":"http://localhost:8000/karyawan/dashboard","user_agent":"Mozilla/5.0 (X11; Linux x86_64; rv:153.0) Gecko/20100101 Firefox/153.0","timestamp":"2026-09-24T22:40:06.677Z"} 
[2026-09-25 05:40:06] local.DEBUG: [vite] connected. {"url":"http://localhost:8000/karyawan/dashboard","user_agent":"Mozilla/5.0 (X11; Linux x86_64; rv:153.0) Gecko/20100101 Firefox/153.0","timestamp":"2026-09-24T22:40:06.704Z"} 
[2026-09-25 05:59:23] local.DEBUG: [vite] connecting... {"url":"http://localhost:8000/login","user_agent":"Mozilla/5.0 (X11; Linux x86_64; rv:153.0) Gecko/20100101 Firefox/153.0","timestamp":"2026-09-24T22:59:23.719Z"} 
[2026-09-25 05:59:23] local.DEBUG: [vite] connected. {"url":"http://localhost:8000/login","user_agent":"Mozilla/5.0 (X11; Linux x86_64; rv:153.0) Gecko/20100101 Firefox/153.0","timestamp":"2026-09-24T22:59:23.755Z"} 
[2026-09-25 05:59:31] local.DEBUG: [vite] connecting... {"url":"http://localhost:8000/","user_agent":"Mozilla/5.0 (X11; Linux x86_64; rv:153.0) Gecko/20100101 Firefox/153.0","timestamp":"2026-09-24T22:59:31.776Z"} 
[2026-09-25 05:59:31] local.DEBUG: [vite] connected. {"url":"http://localhost:8000/","user_agent":"Mozilla/5.0 (X11; Linux x86_64; rv:153.0) Gecko/20100101 Firefox/153.0","timestamp":"2026-09-24T22:59:31.813Z"} 
[2026-09-25 06:29:02] local.DEBUG: [vite] connecting... {"url":"http://localhost:8000/login","user_agent":"Mozilla/5.0 (X11; Linux x86_64; rv:153.0) Gecko/20100101 Firefox/153.0","timestamp":"2026-09-24T23:29:02.564Z"} 
[2026-09-25 06:29:02] local.DEBUG: [vite] connected. {"url":"http://localhost:8000/login","user_agent":"Mozilla/5.0 (X11; Linux x86_64; rv:153.0) Gecko/20100101 Firefox/153.0","timestamp":"2026-09-24T23:29:02.668Z"} 
[2026-09-25 06:29:06] local.DEBUG: [vite] connecting... {"url":"http://localhost:8000/login","user_agent":"Mozilla/5.0 (X11; Linux x86_64; rv:153.0) Gecko/20100101 Firefox/153.0","timestamp":"2026-09-24T23:29:05.864Z"} 
[2026-09-25 06:29:06] local.DEBUG: [vite] connected. {"url":"http://localhost:8000/login","user_agent":"Mozilla/5.0 (X11; Linux x86_64; rv:153.0) Gecko/20100101 Firefox/153.0","timestamp":"2026-09-24T23:29:05.942Z"} 
[2026-09-25 06:29:09] local.DEBUG: [vite] connecting... {"url":"http://localhost:8000/login","user_agent":"Mozilla/5.0 (X11; Linux x86_64; rv:153.0) Gecko/20100101 Firefox/153.0","timestamp":"2026-09-24T23:29:08.993Z"} 
[2026-09-25 06:29:09] local.DEBUG: [vite] connected. {"url":"http://localhost:8000/login","user_agent":"Mozilla/5.0 (X11; Linux x86_64; rv:153.0) Gecko/20100101 Firefox/153.0","timestamp":"2026-09-24T23:29:09.049Z"} 
[2026-09-25 06:29:13] local.DEBUG: [vite] connecting... {"url":"http://localhost:8000/login","user_agent":"Mozilla/5.0 (X11; Linux x86_64; rv:153.0) Gecko/20100101 Firefox/153.0","timestamp":"2026-09-24T23:29:13.091Z"} 
[2026-09-25 06:29:13] local.DEBUG: [vite] connected. {"url":"http://localhost:8000/login","user_agent":"Mozilla/5.0 (X11; Linux x86_64; rv:153.0) Gecko/20100101 Firefox/153.0","timestamp":"2026-09-24T23:29:13.159Z"} 
[2026-09-25 06:29:18] local.DEBUG: [vite] connecting... {"url":"http://localhost:8000/admin/dashboard","user_agent":"Mozilla/5.0 (X11; Linux x86_64; rv:153.0) Gecko/20100101 Firefox/153.0","timestamp":"2026-09-24T23:29:18.072Z"} 
[2026-09-25 06:29:18] local.DEBUG: [vite] connected. {"url":"http://localhost:8000/admin/dashboard","user_agent":"Mozilla/5.0 (X11; Linux x86_64; rv:153.0) Gecko/20100101 Firefox/153.0","timestamp":"2026-09-24T23:29:18.134Z"} 
[2026-09-25 06:30:45] local.DEBUG: [vite] connecting... {"url":"http://localhost:8000/admin/transaksi","user_agent":"Mozilla/5.0 (X11; Linux x86_64; rv:153.0) Gecko/20100101 Firefox/153.0","timestamp":"2026-09-24T23:30:45.071Z"} 
[2026-09-25 06:30:45] local.DEBUG: [vite] connected. {"url":"http://localhost:8000/admin/transaksi","user_agent":"Mozilla/5.0 (X11; Linux x86_64; rv:153.0) Gecko/20100101 Firefox/153.0","timestamp":"2026-09-24T23:30:45.129Z"} 
[2026-09-25 06:30:47] local.DEBUG: [vite] connecting... {"url":"http://localhost:8000/admin/pelanggan","user_agent":"Mozilla/5.0 (X11; Linux x86_64; rv:153.0) Gecko/20100101 Firefox/153.0","timestamp":"2026-09-24T23:30:47.171Z"} 
[2026-09-25 06:30:47] local.DEBUG: [vite] connected. {"url":"http://localhost:8000/admin/pelanggan","user_agent":"Mozilla/5.0 (X11; Linux x86_64; rv:153.0) Gecko/20100101 Firefox/153.0","timestamp":"2026-09-24T23:30:47.237Z"} 
[2026-09-25 06:30:49] local.DEBUG: [vite] connecting... {"url":"http://localhost:8000/admin/layanan","user_agent":"Mozilla/5.0 (X11; Linux x86_64; rv:153.0) Gecko/20100101 Firefox/153.0","timestamp":"2026-09-24T23:30:49.580Z"} 
[2026-09-25 06:30:49] local.DEBUG: [vite] connected. {"url":"http://localhost:8000/admin/layanan","user_agent":"Mozilla/5.0 (X11; Linux x86_64; rv:153.0) Gecko/20100101 Firefox/153.0","timestamp":"2026-09-24T23:30:49.627Z"} 
[2026-09-25 06:30:51] local.DEBUG: [vite] connecting... {"url":"http://localhost:8000/admin/karyawan","user_agent":"Mozilla/5.0 (X11; Linux x86_64; rv:153.0) Gecko/20100101 Firefox/153.0","timestamp":"2026-09-24T23:30:51.741Z"} 
[2026-09-25 06:30:51] local.DEBUG: [vite] connected. {"url":"http://localhost:8000/admin/karyawan","user_agent":"Mozilla/5.0 (X11; Linux x86_64; rv:153.0) Gecko/20100101 Firefox/153.0","timestamp":"2026-09-24T23:30:51.809Z"} 
[2026-09-25 06:30:54] local.DEBUG: [vite] connecting... {"url":"http://localhost:8000/admin/pembayaran","user_agent":"Mozilla/5.0 (X11; Linux x86_64; rv:153.0) Gecko/20100101 Firefox/153.0","timestamp":"2026-09-24T23:30:54.485Z"} 
[2026-09-25 06:30:54] local.DEBUG: [vite] connected. {"url":"http://localhost:8000/admin/pembayaran","user_agent":"Mozilla/5.0 (X11; Linux x86_64; rv:153.0) Gecko/20100101 Firefox/153.0","timestamp":"2026-09-24T23:30:54.546Z"} 
[2026-09-25 06:30:57] local.DEBUG: [vite] connecting... {"url":"http://localhost:8000/admin/rating","user_agent":"Mozilla/5.0 (X11; Linux x86_64; rv:153.0) Gecko/20100101 Firefox/153.0","timestamp":"2026-09-24T23:30:56.938Z"} 
[2026-09-25 06:30:57] local.DEBUG: [vite] connected. {"url":"http://localhost:8000/admin/rating","user_agent":"Mozilla/5.0 (X11; Linux x86_64; rv:153.0) Gecko/20100101 Firefox/153.0","timestamp":"2026-09-24T23:30:56.989Z"} 
[2026-09-25 06:31:00] local.DEBUG: [vite] connecting... {"url":"http://localhost:8000/admin/laporan","user_agent":"Mozilla/5.0 (X11; Linux x86_64; rv:153.0) Gecko/20100101 Firefox/153.0","timestamp":"2026-09-24T23:31:00.662Z"} 
[2026-09-25 06:31:00] local.DEBUG: [vite] connected. {"url":"http://localhost:8000/admin/laporan","user_agent":"Mozilla/5.0 (X11; Linux x86_64; rv:153.0) Gecko/20100101 Firefox/153.0","timestamp":"2026-09-24T23:31:00.710Z"} 
[2026-09-25 06:31:06] local.DEBUG: [vite] connecting... {"url":"http://localhost:8000/admin/profil","user_agent":"Mozilla/5.0 (X11; Linux x86_64; rv:153.0) Gecko/20100101 Firefox/153.0","timestamp":"2026-09-24T23:31:06.614Z"} 
[2026-09-25 06:31:06] local.DEBUG: [vite] connected. {"url":"http://localhost:8000/admin/profil","user_agent":"Mozilla/5.0 (X11; Linux x86_64; rv:153.0) Gecko/20100101 Firefox/153.0","timestamp":"2026-09-24T23:31:06.646Z"} 
[2026-09-25 06:31:48] local.DEBUG: [vite] connecting... {"url":"http://localhost:8000/admin/karyawan","user_agent":"Mozilla/5.0 (X11; Linux x86_64; rv:153.0) Gecko/20100101 Firefox/153.0","timestamp":"2026-09-24T23:31:48.702Z"} 
[2026-09-25 06:31:48] local.DEBUG: [vite] connected. {"url":"http://localhost:8000/admin/karyawan","user_agent":"Mozilla/5.0 (X11; Linux x86_64; rv:153.0) Gecko/20100101 Firefox/153.0","timestamp":"2026-09-24T23:31:48.781Z"} 
[2026-09-25 06:31:51] local.DEBUG: [vite] connecting... {"url":"http://localhost:8000/admin/karyawan/create","user_agent":"Mozilla/5.0 (X11; Linux x86_64; rv:153.0) Gecko/20100101 Firefox/153.0","timestamp":"2026-09-24T23:31:50.974Z"} 
[2026-09-25 06:31:51] local.DEBUG: [vite] connected. {"url":"http://localhost:8000/admin/karyawan/create","user_agent":"Mozilla/5.0 (X11; Linux x86_64; rv:153.0) Gecko/20100101 Firefox/153.0","timestamp":"2026-09-24T23:31:51.061Z"} 
[2026-09-25 06:43:21] local.DEBUG: [vite] connecting... {"url":"http://localhost:8000/","user_agent":"Mozilla/5.0 (X11; Linux x86_64; rv:153.0) Gecko/20100101 Firefox/153.0","timestamp":"2026-09-24T23:43:21.584Z"} 
[2026-09-25 06:43:21] local.DEBUG: [vite] connected. {"url":"http://localhost:8000/","user_agent":"Mozilla/5.0 (X11; Linux x86_64; rv:153.0) Gecko/20100101 Firefox/153.0","timestamp":"2026-09-24T23:43:21.631Z"} 
[2026-09-25 06:43:43] local.DEBUG: [vite] connecting... {"url":"http://localhost:8000/layanan","user_agent":"Mozilla/5.0 (X11; Linux x86_64; rv:153.0) Gecko/20100101 Firefox/153.0","timestamp":"2026-09-24T23:43:43.703Z"} 
[2026-09-25 06:43:43] local.DEBUG: [vite] connected. {"url":"http://localhost:8000/layanan","user_agent":"Mozilla/5.0 (X11; Linux x86_64; rv:153.0) Gecko/20100101 Firefox/153.0","timestamp":"2026-09-24T23:43:43.761Z"} 
[2026-09-25 06:43:50] local.DEBUG: [vite] connecting... {"url":"http://localhost:8000/","user_agent":"Mozilla/5.0 (X11; Linux x86_64; rv:153.0) Gecko/20100101 Firefox/153.0","timestamp":"2026-09-24T23:43:50.172Z"} 
[2026-09-25 06:43:50] local.DEBUG: [vite] connected. {"url":"http://localhost:8000/","user_agent":"Mozilla/5.0 (X11; Linux x86_64; rv:153.0) Gecko/20100101 Firefox/153.0","timestamp":"2026-09-24T23:43:50.236Z"} 
